Archive member included to satisfy reference by file (symbol)

/app/stm32cubeide/plugins/com.st.stm32cube.ide.mcu.externaltools.gnu-tools-for-stm32.10.3-2021.10.linux64_1.0.200.202301161003/tools/bin/../lib/gcc/arm-none-eabi/10.3.1/../../../../arm-none-eabi/lib/thumb/v7-m/nofp/libc_nano.a(lib_a-errno.o)
                              ./Core/Src/syscalls.o (__errno)
/app/stm32cubeide/plugins/com.st.stm32cube.ide.mcu.externaltools.gnu-tools-for-stm32.10.3-2021.10.linux64_1.0.200.202301161003/tools/bin/../lib/gcc/arm-none-eabi/10.3.1/../../../../arm-none-eabi/lib/thumb/v7-m/nofp/libc_nano.a(lib_a-exit.o)
                              /app/stm32cubeide/plugins/com.st.stm32cube.ide.mcu.externaltools.gnu-tools-for-stm32.10.3-2021.10.linux64_1.0.200.202301161003/tools/bin/../lib/gcc/arm-none-eabi/10.3.1/../../../../arm-none-eabi/lib/thumb/v7-m/nofp/crt0.o (exit)
/app/stm32cubeide/plugins/com.st.stm32cube.ide.mcu.externaltools.gnu-tools-for-stm32.10.3-2021.10.linux64_1.0.200.202301161003/tools/bin/../lib/gcc/arm-none-eabi/10.3.1/../../../../arm-none-eabi/lib/thumb/v7-m/nofp/libc_nano.a(lib_a-impure.o)
                              /app/stm32cubeide/plugins/com.st.stm32cube.ide.mcu.externaltools.gnu-tools-for-stm32.10.3-2021.10.linux64_1.0.200.202301161003/tools/bin/../lib/gcc/arm-none-eabi/10.3.1/../../../../arm-none-eabi/lib/thumb/v7-m/nofp/libc_nano.a(lib_a-exit.o) (_global_impure_ptr)
/app/stm32cubeide/plugins/com.st.stm32cube.ide.mcu.externaltools.gnu-tools-for-stm32.10.3-2021.10.linux64_1.0.200.202301161003/tools/bin/../lib/gcc/arm-none-eabi/10.3.1/../../../../arm-none-eabi/lib/thumb/v7-m/nofp/libc_nano.a(lib_a-init.o)
                              /app/stm32cubeide/plugins/com.st.stm32cube.ide.mcu.externaltools.gnu-tools-for-stm32.10.3-2021.10.linux64_1.0.200.202301161003/tools/bin/../lib/gcc/arm-none-eabi/10.3.1/../../../../arm-none-eabi/lib/thumb/v7-m/nofp/crt0.o (__libc_init_array)
/app/stm32cubeide/plugins/com.st.stm32cube.ide.mcu.externaltools.gnu-tools-for-stm32.10.3-2021.10.linux64_1.0.200.202301161003/tools/bin/../lib/gcc/arm-none-eabi/10.3.1/../../../../arm-none-eabi/lib/thumb/v7-m/nofp/libc_nano.a(lib_a-memset.o)
                              /app/stm32cubeide/plugins/com.st.stm32cube.ide.mcu.externaltools.gnu-tools-for-stm32.10.3-2021.10.linux64_1.0.200.202301161003/tools/bin/../lib/gcc/arm-none-eabi/10.3.1/../../../../arm-none-eabi/lib/thumb/v7-m/nofp/crt0.o (memset)

Discarded input sections

 .text          0x0000000000000000        0x0 /app/stm32cubeide/plugins/com.st.stm32cube.ide.mcu.externaltools.gnu-tools-for-stm32.10.3-2021.10.linux64_1.0.200.202301161003/tools/bin/../lib/gcc/arm-none-eabi/10.3.1/thumb/v7-m/nofp/crti.o
 .data          0x0000000000000000        0x0 /app/stm32cubeide/plugins/com.st.stm32cube.ide.mcu.externaltools.gnu-tools-for-stm32.10.3-2021.10.linux64_1.0.200.202301161003/tools/bin/../lib/gcc/arm-none-eabi/10.3.1/thumb/v7-m/nofp/crti.o
 .bss           0x0000000000000000        0x0 /app/stm32cubeide/plugins/com.st.stm32cube.ide.mcu.externaltools.gnu-tools-for-stm32.10.3-2021.10.linux64_1.0.200.202301161003/tools/bin/../lib/gcc/arm-none-eabi/10.3.1/thumb/v7-m/nofp/crti.o
 .data          0x0000000000000000        0x4 /app/stm32cubeide/plugins/com.st.stm32cube.ide.mcu.externaltools.gnu-tools-for-stm32.10.3-2021.10.linux64_1.0.200.202301161003/tools/bin/../lib/gcc/arm-none-eabi/10.3.1/thumb/v7-m/nofp/crtbegin.o
 .rodata        0x0000000000000000       0x24 /app/stm32cubeide/plugins/com.st.stm32cube.ide.mcu.externaltools.gnu-tools-for-stm32.10.3-2021.10.linux64_1.0.200.202301161003/tools/bin/../lib/gcc/arm-none-eabi/10.3.1/thumb/v7-m/nofp/crtbegin.o
 .text          0x0000000000000000       0x7c /app/stm32cubeide/plugins/com.st.stm32cube.ide.mcu.externaltools.gnu-tools-for-stm32.10.3-2021.10.linux64_1.0.200.202301161003/tools/bin/../lib/gcc/arm-none-eabi/10.3.1/../../../../arm-none-eabi/lib/thumb/v7-m/nofp/crt0.o
 .data          0x0000000000000000        0x0 /app/stm32cubeide/plugins/com.st.stm32cube.ide.mcu.externaltools.gnu-tools-for-stm32.10.3-2021.10.linux64_1.0.200.202301161003/tools/bin/../lib/gcc/arm-none-eabi/10.3.1/../../../../arm-none-eabi/lib/thumb/v7-m/nofp/crt0.o
 .bss           0x0000000000000000        0x0 /app/stm32cubeide/plugins/com.st.stm32cube.ide.mcu.externaltools.gnu-tools-for-stm32.10.3-2021.10.linux64_1.0.200.202301161003/tools/bin/../lib/gcc/arm-none-eabi/10.3.1/../../../../arm-none-eabi/lib/thumb/v7-m/nofp/crt0.o
 .ARM.extab     0x0000000000000000        0x0 /app/stm32cubeide/plugins/com.st.stm32cube.ide.mcu.externaltools.gnu-tools-for-stm32.10.3-2021.10.linux64_1.0.200.202301161003/tools/bin/../lib/gcc/arm-none-eabi/10.3.1/../../../../arm-none-eabi/lib/thumb/v7-m/nofp/crt0.o
 .ARM.exidx     0x0000000000000000       0x10 /app/stm32cubeide/plugins/com.st.stm32cube.ide.mcu.externaltools.gnu-tools-for-stm32.10.3-2021.10.linux64_1.0.200.202301161003/tools/bin/../lib/gcc/arm-none-eabi/10.3.1/../../../../arm-none-eabi/lib/thumb/v7-m/nofp/crt0.o
[...]
Memory Configuration

Name             Origin             Length             Attributes
RAM              0x0000000020000000 0x0000000000005000 xrw
FLASH            0x0000000008000000 0x0000000000010000 xr
*default*        0x0000000000000000 0xffffffffffffffff

Linker script and memory map

LOAD /app/stm32cubeide/plugins/com.st.stm32cube.ide.mcu.externaltools.gnu-tools-for-stm32.10.3-2021.10.linux64_1.0.200.202301161003/tools/bin/../lib/gcc/arm-none-eabi/10.3.1/thumb/v7-m/nofp/crti.o
LOAD /app/stm32cubeide/plugins/com.st.stm32cube.ide.mcu.externaltools.gnu-tools-for-stm32.10.3-2021.10.linux64_1.0.200.202301161003/tools/bin/../lib/gcc/arm-none-eabi/10.3.1/thumb/v7-m/nofp/crtbegin.o
LOAD /app/stm32cubeide/plugins/com.st.stm32cube.ide.mcu.externaltools.gnu-tools-for-stm32.10.3-2021.10.linux64_1.0.200.202301161003/tools/bin/../lib/gcc/arm-none-eabi/10.3.1/../../../../arm-none-eabi/lib/thumb/v7-m/nofp/crt0.o
LOAD ./Core/Src/asmClockEnable.o
LOAD ./Core/Src/asmI2cEnable.o
LOAD ./Core/Src/asmInterruptWFI.o
LOAD ./Core/Src/asmMain.o
LOAD ./Core/Src/main.o
LOAD ./Core/Src/stm32f1xx_hal_msp.o
LOAD ./Core/Src/stm32f1xx_it.o
LOAD ./Core/Src/syscalls.o
LOAD ./Core/Src/sysmem.o
LOAD ./Core/Src/system_stm32f1xx.o
LOAD ./Core/Startup/startup_stm32f103c8tx.o
LOAD ./Drivers/STM32F1xx_HAL_Driver/Src/stm32f1xx_hal.o
LOAD ./Drivers/STM32F1xx_HAL_Driver/Src/stm32f1xx_hal_cortex.o
LOAD ./Drivers/STM32F1xx_HAL_Driver/Src/stm32f1xx_hal_dma.o
LOAD ./Drivers/STM32F1xx_HAL_Driver/Src/stm32f1xx_hal_exti.o
LOAD ./Drivers/STM32F1xx_HAL_Driver/Src/stm32f1xx_hal_flash.o
LOAD ./Drivers/STM32F1xx_HAL_Driver/Src/stm32f1xx_hal_flash_ex.o
LOAD ./Drivers/STM32F1xx_HAL_Driver/Src/stm32f1xx_hal_gpio.o
LOAD ./Drivers/STM32F1xx_HAL_Driver/Src/stm32f1xx_hal_gpio_ex.o
LOAD ./Drivers/STM32F1xx_HAL_Driver/Src/stm32f1xx_hal_pwr.o
LOAD ./Drivers/STM32F1xx_HAL_Driver/Src/stm32f1xx_hal_rcc.o
LOAD ./Drivers/STM32F1xx_HAL_Driver/Src/stm32f1xx_hal_rcc_ex.o
LOAD ./Drivers/STM32F1xx_HAL_Driver/Src/stm32f1xx_hal_tim.o
LOAD ./Drivers/STM32F1xx_HAL_Driver/Src/stm32f1xx_hal_tim_ex.o
START GROUP
LOAD /app/stm32cubeide/plugins/com.st.stm32cube.ide.mcu.externaltools.gnu-tools-for-stm32.10.3-2021.10.linux64_1.0.200.202301161003/tools/bin/../lib/gcc/arm-none-eabi/10.3.1/../../../../arm-none-eabi/lib/thumb/v7-m/nofp/libc_nano.a
LOAD /app/stm32cubeide/plugins/com.st.stm32cube.ide.mcu.externaltools.gnu-tools-for-stm32.10.3-2021.10.linux64_1.0.200.202301161003/tools/bin/../lib/gcc/arm-none-eabi/10.3.1/../../../../arm-none-eabi/lib/thumb/v7-m/nofp/libm.a
END GROUP
START GROUP
LOAD /app/stm32cubeide/plugins/com.st.stm32cube.ide.mcu.externaltools.gnu-tools-for-stm32.10.3-2021.10.linux64_1.0.200.202301161003/tools/bin/../lib/gcc/arm-none-eabi/10.3.1/thumb/v7-m/nofp/libgcc.a
LOAD /app/stm32cubeide/plugins/com.st.stm32cube.ide.mcu.externaltools.gnu-tools-for-stm32.10.3-2021.10.linux64_1.0.200.202301161003/tools/bin/../lib/gcc/arm-none-eabi/10.3.1/../../../../arm-none-eabi/lib/thumb/v7-m/nofp/libc_nano.a
END GROUP
START GROUP
LOAD /app/stm32cubeide/plugins/com.st.stm32cube.ide.mcu.externaltools.gnu-tools-for-stm32.10.3-2021.10.linux64_1.0.200.202301161003/tools/bin/../lib/gcc/arm-none-eabi/10.3.1/thumb/v7-m/nofp/libgcc.a
LOAD /app/stm32cubeide/plugins/com.st.stm32cube.ide.mcu.externaltools.gnu-tools-for-stm32.10.3-2021.10.linux64_1.0.200.202301161003/tools/bin/../lib/gcc/arm-none-eabi/10.3.1/../../../../arm-none-eabi/lib/thumb/v7-m/nofp/libc_nano.a
LOAD /app/stm32cubeide/plugins/com.st.stm32cube.ide.mcu.externaltools.gnu-tools-for-stm32.10.3-2021.10.linux64_1.0.200.202301161003/tools/bin/../lib/gcc/arm-none-eabi/10.3.1/../../../../arm-none-eabi/lib/thumb/v7-m/nofp/libnosys.a
END GROUP
START GROUP
LOAD /app/stm32cubeide/plugins/com.st.stm32cube.ide.mcu.externaltools.gnu-tools-for-stm32.10.3-2021.10.linux64_1.0.200.202301161003/tools/bin/../lib/gcc/arm-none-eabi/10.3.1/thumb/v7-m/nofp/libgcc.a
LOAD /app/stm32cubeide/plugins/com.st.stm32cube.ide.mcu.externaltools.gnu-tools-for-stm32.10.3-2021.10.linux64_1.0.200.202301161003/tools/bin/../lib/gcc/arm-none-eabi/10.3.1/../../../../arm-none-eabi/lib/thumb/v7-m/nofp/libc_nano.a
LOAD /app/stm32cubeide/plugins/com.st.stm32cube.ide.mcu.externaltools.gnu-tools-for-stm32.10.3-2021.10.linux64_1.0.200.202301161003/tools/bin/../lib/gcc/arm-none-eabi/10.3.1/../../../../arm-none-eabi/lib/thumb/v7-m/nofp/libnosys.a
END GROUP
LOAD /app/stm32cubeide/plugins/com.st.stm32cube.ide.mcu.externaltools.gnu-tools-for-stm32.10.3-2021.10.linux64_1.0.200.202301161003/tools/bin/../lib/gcc/arm-none-eabi/10.3.1/thumb/v7-m/nofp/crtend.o
LOAD /app/stm32cubeide/plugins/com.st.stm32cube.ide.mcu.externaltools.gnu-tools-for-stm32.10.3-2021.10.linux64_1.0.200.202301161003/tools/bin/../lib/gcc/arm-none-eabi/10.3.1/thumb/v7-m/nofp/crtn.o
                0x0000000020005000                _estack = (ORIGIN (RAM) + LENGTH (RAM))
                0x0000000000000200                _Min_Heap_Size = 0x200
                0x0000000000000400                _Min_Stack_Size = 0x400

.isr_vector     0x0000000008000000      0x10c
                0x0000000008000000                . = ALIGN (0x4)
 *(.isr_vector)
 .isr_vector    0x0000000008000000      0x10c ./Core/Startup/startup_stm32f103c8tx.o
                0x0000000008000000                g_pfnVectors
                0x000000000800010c                . = ALIGN (0x4)

.text           0x000000000800010c      0x5dc
                0x000000000800010c                . = ALIGN (0x4)
 *(.text)
 .text          0x000000000800010c       0x40 /app/stm32cubeide/plugins/com.st.stm32cube.ide.mcu.externaltools.gnu-tools-for-stm32.10.3-2021.10.linux64_1.0.200.202301161003/tools/bin/../lib/gcc/arm-none-eabi/10.3.1/thumb/v7-m/nofp/crtbegin.o
 .text          0x000000000800014c       0x4c ./Core/Src/asmClockEnable.o
                0x000000000800014c                asmSetRegistr
                0x0000000008000154                asmResetRegistr
                0x000000000800015c                asmWhileBeq
                0x0000000008000164                asmClockEnable
 .text          0x0000000008000198      0x1d0 ./Core/Src/asmI2cEnable.o
                0x0000000008000198                asmI2cEnable
                0x000000000800031e                asmSsdSendCommand
 .text          0x0000000008000368      0x1d4 ./Core/Src/asmInterruptWFI.o
                0x0000000008000368                EXTI0_IRQHandler
                0x000000000800047c                asmInterruptWFI
 .text          0x000000000800053c       0x14 ./Core/Src/asmMain.o
                0x000000000800053c                asmMain
 *(.text*)
 .text.main     0x0000000008000550       0x6c ./Core/Src/main.o
                0x0000000008000550                main
 .text.NMI_Handler
                0x00000000080005bc        0x6 ./Core/Src/stm32f1xx_it.o
                0x00000000080005bc                NMI_Handler
 .text.HardFault_Handler
                0x00000000080005c2        0x6 ./Core/Src/stm32f1xx_it.o
                0x00000000080005c2                HardFault_Handler
 .text.MemManage_Handler
                0x00000000080005c8        0x6 ./Core/Src/stm32f1xx_it.o
                0x00000000080005c8                MemManage_Handler
 .text.BusFault_Handler
                0x00000000080005ce        0x6 ./Core/Src/stm32f1xx_it.o
                0x00000000080005ce                BusFault_Handler
 .text.UsageFault_Handler
                0x00000000080005d4        0x6 ./Core/Src/stm32f1xx_it.o
                0x00000000080005d4                UsageFault_Handler
 .text.SVC_Handler
                0x00000000080005da        0xc ./Core/Src/stm32f1xx_it.o
                0x00000000080005da                SVC_Handler
 .text.DebugMon_Handler
                0x00000000080005e6        0xc ./Core/Src/stm32f1xx_it.o
                0x00000000080005e6                DebugMon_Handler
 .text.PendSV_Handler
                0x00000000080005f2        0xc ./Core/Src/stm32f1xx_it.o
                0x00000000080005f2                PendSV_Handler
 .text.SysTick_Handler
                0x00000000080005fe        0xc ./Core/Src/stm32f1xx_it.o
                0x00000000080005fe                SysTick_Handler
 .text.SystemInit
                0x000000000800060a        0xc ./Core/Src/system_stm32f1xx.o
                0x000000000800060a                SystemInit
 *fill*         0x0000000008000616        0x2 
 .text.Reset_Handler
                0x0000000008000618       0x48 ./Core/Startup/startup_stm32f103c8tx.o
                0x0000000008000618                Reset_Handler
 .text.Default_Handler
                0x0000000008000660        0x2 ./Core/Startup/startup_stm32f103c8tx.o
                0x0000000008000660                RTC_Alarm_IRQHandler
                0x0000000008000660                EXTI2_IRQHandler
                0x0000000008000660                TIM1_CC_IRQHandler
                0x0000000008000660                PVD_IRQHandler
                0x0000000008000660                EXTI3_IRQHandler
                0x0000000008000660                I2C2_EV_IRQHandler
                0x0000000008000660                ADC1_2_IRQHandler
                0x0000000008000660                SPI1_IRQHandler
                0x0000000008000660                TAMPER_IRQHandler
                0x0000000008000660                DMA1_Channel4_IRQHandler
                0x0000000008000660                USART3_IRQHandler
                0x0000000008000660                RTC_IRQHandler
                0x0000000008000660                DMA1_Channel7_IRQHandler
                0x0000000008000660                CAN1_RX1_IRQHandler
                0x0000000008000660                TIM4_IRQHandler
                0x0000000008000660                I2C1_EV_IRQHandler
                0x0000000008000660                DMA1_Channel6_IRQHandler
                0x0000000008000660                TIM3_IRQHandler
                0x0000000008000660                RCC_IRQHandler
                0x0000000008000660                TIM1_TRG_COM_IRQHandler
                0x0000000008000660                DMA1_Channel1_IRQHandler
                0x0000000008000660                Default_Handler
                0x0000000008000660                EXTI15_10_IRQHandler
                0x0000000008000660                EXTI9_5_IRQHandler
                0x0000000008000660                SPI2_IRQHandler
                0x0000000008000660                DMA1_Channel5_IRQHandler
                0x0000000008000660                EXTI4_IRQHandler
                0x0000000008000660                USB_LP_CAN1_RX0_IRQHandler
                0x0000000008000660                USB_HP_CAN1_TX_IRQHandler
                0x0000000008000660                DMA1_Channel3_IRQHandler
                0x0000000008000660                TIM1_UP_IRQHandler
                0x0000000008000660                WWDG_IRQHandler
                0x0000000008000660                TIM2_IRQHandler
                0x0000000008000660                TIM1_BRK_IRQHandler
                0x0000000008000660                EXTI1_IRQHandler
                0x0000000008000660                USART2_IRQHandler
                0x0000000008000660                I2C2_ER_IRQHandler
                0x0000000008000660                DMA1_Channel2_IRQHandler
                0x0000000008000660                CAN1_SCE_IRQHandler
                0x0000000008000660                FLASH_IRQHandler
                0x0000000008000660                USART1_IRQHandler
                0x0000000008000660                I2C1_ER_IRQHandler
                0x0000000008000660                USBWakeUp_IRQHandler
 *fill*         0x0000000008000662        0x2 
 .text.HAL_IncTick
                0x0000000008000664       0x24 ./Drivers/STM32F1xx_HAL_Driver/Src/stm32f1xx_hal.o
                0x0000000008000664                HAL_IncTick
 .text.__libc_init_array
                0x0000000008000688       0x48 /app/stm32cubeide/plugins/com.st.stm32cube.ide.mcu.externaltools.gnu-tools-for-stm32.10.3-2021.10.linux64_1.0.200.202301161003/tools/bin/../lib/gcc/arm-none-eabi/10.3.1/../../../../arm-none-eabi/lib/thumb/v7-m/nofp/libc_nano.a(lib_a-init.o)
                0x0000000008000688                __libc_init_array
 *(.glue_7)
 .glue_7        0x00000000080006d0        0x0 linker stubs
 *(.glue_7t)
 .glue_7t       0x00000000080006d0        0x0 linker stubs
 *(.eh_frame)
 .eh_frame      0x00000000080006d0        0x0 /app/stm32cubeide/plugins/com.st.stm32cube.ide.mcu.externaltools.gnu-tools-for-stm32.10.3-2021.10.linux64_1.0.200.202301161003/tools/bin/../lib/gcc/arm-none-eabi/10.3.1/thumb/v7-m/nofp/crtbegin.o
 *(.init)
 .init          0x00000000080006d0        0x4 /app/stm32cubeide/plugins/com.st.stm32cube.ide.mcu.externaltools.gnu-tools-for-stm32.10.3-2021.10.linux64_1.0.200.202301161003/tools/bin/../lib/gcc/arm-none-eabi/10.3.1/thumb/v7-m/nofp/crti.o
                0x00000000080006d0                _init
 .init          0x00000000080006d4        0x8 /app/stm32cubeide/plugins/com.st.stm32cube.ide.mcu.externaltools.gnu-tools-for-stm32.10.3-2021.10.linux64_1.0.200.202301161003/tools/bin/../lib/gcc/arm-none-eabi/10.3.1/thumb/v7-m/nofp/crtn.o
 *(.fini)
 .fini          0x00000000080006dc        0x4 /app/stm32cubeide/plugins/com.st.stm32cube.ide.mcu.externaltools.gnu-tools-for-stm32.10.3-2021.10.linux64_1.0.200.202301161003/tools/bin/../lib/gcc/arm-none-eabi/10.3.1/thumb/v7-m/nofp/crti.o
                0x00000000080006dc                _fini
 .fini          0x00000000080006e0        0x8 /app/stm32cubeide/plugins/com.st.stm32cube.ide.mcu.externaltools.gnu-tools-for-stm32.10.3-2021.10.linux64_1.0.200.202301161003/tools/bin/../lib/gcc/arm-none-eabi/10.3.1/thumb/v7-m/nofp/crtn.o
                0x00000000080006e8                . = ALIGN (0x4)
                0x00000000080006e8                _etext = .

.vfp11_veneer   0x00000000080006e8        0x0
 .vfp11_veneer  0x00000000080006e8        0x0 linker stubs

.v4_bx          0x00000000080006e8        0x0
 .v4_bx         0x00000000080006e8        0x0 linker stubs

.iplt           0x00000000080006e8        0x0
 .iplt          0x00000000080006e8        0x0 /app/stm32cubeide/plugins/com.st.stm32cube.ide.mcu.externaltools.gnu-tools-for-stm32.10.3-2021.10.linux64_1.0.200.202301161003/tools/bin/../lib/gcc/arm-none-eabi/10.3.1/thumb/v7-m/nofp/crtbegin.o

.rel.dyn        0x00000000080006e8        0x0
 .rel.iplt      0x00000000080006e8        0x0 /app/stm32cubeide/plugins/com.st.stm32cube.ide.mcu.externaltools.gnu-tools-for-stm32.10.3-2021.10.linux64_1.0.200.202301161003/tools/bin/../lib/gcc/arm-none-eabi/10.3.1/thumb/v7-m/nofp/crtbegin.o

.rodata         0x00000000080006e8        0x0
                0x00000000080006e8                . = ALIGN (0x4)
 *(.rodata)
 *(.rodata*)
                0x00000000080006e8                . = ALIGN (0x4)

.ARM.extab      0x00000000080006e8        0x0
                0x00000000080006e8                . = ALIGN (0x4)
 *(.ARM.extab* .gnu.linkonce.armextab.*)
                0x00000000080006e8                . = ALIGN (0x4)

.ARM            0x00000000080006e8        0x0
                0x00000000080006e8                . = ALIGN (0x4)
                0x00000000080006e8                __exidx_start = .
 *(.ARM.exidx*)
                0x00000000080006e8                __exidx_end = .
                0x00000000080006e8                . = ALIGN (0x4)

.preinit_array  0x00000000080006e8        0x0
                0x00000000080006e8                . = ALIGN (0x4)
                0x00000000080006e8                PROVIDE (__preinit_array_start = .)
 *(.preinit_array*)
                0x00000000080006e8                PROVIDE (__preinit_array_end = .)
                0x00000000080006e8                . = ALIGN (0x4)

.init_array     0x00000000080006e8        0x4
                0x00000000080006e8                . = ALIGN (0x4)
                0x00000000080006e8                PROVIDE (__init_array_start = .)
 *(SORT_BY_NAME(.init_array.*))
 *(.init_array*)
 .init_array    0x00000000080006e8        0x4 /app/stm32cubeide/plugins/com.st.stm32cube.ide.mcu.externaltools.gnu-tools-for-stm32.10.3-2021.10.linux64_1.0.200.202301161003/tools/bin/../lib/gcc/arm-none-eabi/10.3.1/thumb/v7-m/nofp/crtbegin.o
                0x00000000080006ec                PROVIDE (__init_array_end = .)
                0x00000000080006ec                . = ALIGN (0x4)

.fini_array     0x00000000080006ec        0x4
                0x00000000080006ec                . = ALIGN (0x4)
                [!provide]                        PROVIDE (__fini_array_start = .)
 *(SORT_BY_NAME(.fini_array.*))
 *(.fini_array*)
 .fini_array    0x00000000080006ec        0x4 /app/stm32cubeide/plugins/com.st.stm32cube.ide.mcu.externaltools.gnu-tools-for-stm32.10.3-2021.10.linux64_1.0.200.202301161003/tools/bin/../lib/gcc/arm-none-eabi/10.3.1/thumb/v7-m/nofp/crtbegin.o
                [!provide]                        PROVIDE (__fini_array_end = .)
                0x00000000080006f0                . = ALIGN (0x4)
                0x00000000080006f0                _sidata = LOADADDR (.data)

.data           0x0000000020000000       0x38 load address 0x00000000080006f0
                0x0000000020000000                . = ALIGN (0x4)
                0x0000000020000000                _sdata = .
 *(.data)
 .data          0x0000000020000000        0x4 ./Core/Src/asmInterruptWFI.o
 *(.data*)
 .data.dataHello
                0x0000000020000004       0x32 ./Core/Src/main.o
                0x0000000020000004                dataHello
 .data.uwTickFreq
                0x0000000020000036        0x1 ./Drivers/STM32F1xx_HAL_Driver/Src/stm32f1xx_hal.o
                0x0000000020000036                uwTickFreq
 *(.RamFunc)
 *(.RamFunc*)
                0x0000000020000038                . = ALIGN (0x4)
 *fill*         0x0000000020000037        0x1 
                0x0000000020000038                _edata = .

.igot.plt       0x0000000020000038        0x0 load address 0x0000000008000728
 .igot.plt      0x0000000020000038        0x0 /app/stm32cubeide/plugins/com.st.stm32cube.ide.mcu.externaltools.gnu-tools-for-stm32.10.3-2021.10.linux64_1.0.200.202301161003/tools/bin/../lib/gcc/arm-none-eabi/10.3.1/thumb/v7-m/nofp/crtbegin.o
                0x0000000020000038                . = ALIGN (0x4)

.bss            0x0000000020000038       0x60 load address 0x0000000008000728
                0x0000000020000038                _sbss = .
                0x0000000020000038                __bss_start__ = _sbss
 *(.bss)
 .bss           0x0000000020000038       0x1c /app/stm32cubeide/plugins/com.st.stm32cube.ide.mcu.externaltools.gnu-tools-for-stm32.10.3-2021.10.linux64_1.0.200.202301161003/tools/bin/../lib/gcc/arm-none-eabi/10.3.1/thumb/v7-m/nofp/crtbegin.o
 *(.bss*)
 .bss.start_time
                0x0000000020000054        0x4 ./Core/Src/main.o
                0x0000000020000054                start_time
 .bss.end_time  0x0000000020000058        0x4 ./Core/Src/main.o
                0x0000000020000058                end_time
 .bss.elapsed_time
                0x000000002000005c        0x4 ./Core/Src/main.o
                0x000000002000005c                elapsed_time
 .bss.dataVOID  0x0000000020000060       0x32 ./Core/Src/main.o
                0x0000000020000060                dataVOID
 *fill*         0x0000000020000092        0x2 
 .bss.uwTick    0x0000000020000094        0x4 ./Drivers/STM32F1xx_HAL_Driver/Src/stm32f1xx_hal.o
                0x0000000020000094                uwTick
 *(COMMON)
                0x0000000020000098                . = ALIGN (0x4)
                0x0000000020000098                _ebss = .
                0x0000000020000098                __bss_end__ = _ebss

._user_heap_stack
                0x0000000020000098      0x600 load address 0x0000000008000728
                0x0000000020000098                . = ALIGN (0x8)
                [!provide]                        PROVIDE (end = .)
                0x0000000020000098                PROVIDE (_end = .)
                0x0000000020000298                . = (. + _Min_Heap_Size)
 *fill*         0x0000000020000098      0x200 
                0x0000000020000698                . = (. + _Min_Stack_Size)
 *fill*         0x0000000020000298      0x400 
                0x0000000020000698                . = ALIGN (0x8)

/DISCARD/
 libc.a(*)
 libm.a(*)
 libgcc.a(*)

.ARM.attributes
                0x0000000000000000       0x29
 *(.ARM.attributes)
 .ARM.attributes
                0x0000000000000000       0x1d /app/stm32cubeide/plugins/com.st.stm32cube.ide.mcu.externaltools.gnu-tools-for-stm32.10.3-2021.10.linux64_1.0.200.202301161003/tools/bin/../lib/gcc/arm-none-eabi/10.3.1/thumb/v7-m/nofp/crti.o
 .ARM.attributes
                0x000000000000001d       0x2d /app/stm32cubeide/plugins/com.st.stm32cube.ide.mcu.externaltools.gnu-tools-for-stm32.10.3-2021.10.linux64_1.0.200.202301161003/tools/bin/../lib/gcc/arm-none-eabi/10.3.1/thumb/v7-m/nofp/crtbegin.o
 .ARM.attributes
                0x000000000000004a       0x1b ./Core/Src/asmClockEnable.o
 .ARM.attributes
                0x0000000000000065       0x1b ./Core/Src/asmI2cEnable.o
 .ARM.attributes
                0x0000000000000080       0x1b ./Core/Src/asmInterruptWFI.o
 .ARM.attributes
                0x000000000000009b       0x1b ./Core/Src/asmMain.o
 .ARM.attributes
                0x00000000000000b6       0x2d ./Core/Src/main.o
 .ARM.attributes
                0x00000000000000e3       0x2d ./Core/Src/stm32f1xx_it.o
 .ARM.attributes
                0x0000000000000110       0x2d ./Core/Src/system_stm32f1xx.o
 .ARM.attributes
                0x000000000000013d       0x21 ./Core/Startup/startup_stm32f103c8tx.o
 .ARM.attributes
                0x000000000000015e       0x2d ./Drivers/STM32F1xx_HAL_Driver/Src/stm32f1xx_hal.o
 .ARM.attributes
                0x000000000000018b       0x2d /app/stm32cubeide/plugins/com.st.stm32cube.ide.mcu.externaltools.gnu-tools-for-stm32.10.3-2021.10.linux64_1.0.200.202301161003/tools/bin/../lib/gcc/arm-none-eabi/10.3.1/../../../../arm-none-eabi/lib/thumb/v7-m/nofp/libc_nano.a(lib_a-init.o)
 .ARM.attributes
                0x00000000000001b8       0x1d /app/stm32cubeide/plugins/com.st.stm32cube.ide.mcu.externaltools.gnu-tools-for-stm32.10.3-2021.10.linux64_1.0.200.202301161003/tools/bin/../lib/gcc/arm-none-eabi/10.3.1/thumb/v7-m/nofp/crtn.o
OUTPUT(stm32F103C8T6_Registr_I2C_SSD1306.elf elf32-littlearm)
LOAD linker stubs
LOAD /app/stm32cubeide/plugins/com.st.stm32cube.ide.mcu.externaltools.gnu-tools-for-stm32.10.3-2021.10.linux64_1.0.200.202301161003/tools/bin/../lib/gcc/arm-none-eabi/10.3.1/../../../../arm-none-eabi/lib/thumb/v7-m/nofp/libc.a
LOAD /app/stm32cubeide/plugins/com.st.stm32cube.ide.mcu.externaltools.gnu-tools-for-stm32.10.3-2021.10.linux64_1.0.200.202301161003/tools/bin/../lib/gcc/arm-none-eabi/10.3.1/../../../../arm-none-eabi/lib/thumb/v7-m/nofp/libm.a
LOAD /app/stm32cubeide/plugins/com.st.stm32cube.ide.mcu.externaltools.gnu-tools-for-stm32.10.3-2021.10.linux64_1.0.200.202301161003/tools/bin/../lib/gcc/arm-none-eabi/10.3.1/thumb/v7-m/nofp/libgcc.a

.debug_line     0x0000000000000000     0x1ef0
 .debug_line    0x0000000000000000       0x70 ./Core/Src/asmClockEnable.o
 .debug_line    0x0000000000000070       0xd9 ./Core/Src/asmI2cEnable.o
 .debug_line    0x0000000000000149       0xf8 ./Core/Src/asmInterruptWFI.o
 .debug_line    0x0000000000000241       0x4c ./Core/Src/asmMain.o
 .debug_line    0x000000000000028d      0x643 ./Core/Src/main.o
 .debug_line    0x00000000000008d0      0x6a7 ./Core/Src/stm32f1xx_it.o
 .debug_line    0x0000000000000f77      0x663 ./Core/Src/system_stm32f1xx.o
 .debug_line    0x00000000000015da       0x86 ./Core/Startup/startup_stm32f103c8tx.o
 .debug_line    0x0000000000001660      0x890 ./Drivers/STM32F1xx_HAL_Driver/Src/stm32f1xx_hal.o

.debug_info     0x0000000000000000      0xe58
 .debug_info    0x0000000000000000       0x26 ./Core/Src/asmClockEnable.o
 .debug_info    0x0000000000000026       0x26 ./Core/Src/asmI2cEnable.o
 .debug_info    0x000000000000004c       0x26 ./Core/Src/asmInterruptWFI.o
 .debug_info    0x0000000000000072       0x26 ./Core/Src/asmMain.o
 .debug_info    0x0000000000000098      0x30b ./Core/Src/main.o
 .debug_info    0x00000000000003a3      0x122 ./Core/Src/stm32f1xx_it.o
 .debug_info    0x00000000000004c5      0x23d ./Core/Src/system_stm32f1xx.o
 .debug_info    0x0000000000000702       0x22 ./Core/Startup/startup_stm32f103c8tx.o
 .debug_info    0x0000000000000724      0x734 ./Drivers/STM32F1xx_HAL_Driver/Src/stm32f1xx_hal.o

.debug_abbrev   0x0000000000000000      0x4d9
 .debug_abbrev  0x0000000000000000       0x14 ./Core/Src/asmClockEnable.o
 .debug_abbrev  0x0000000000000014       0x14 ./Core/Src/asmI2cEnable.o
 .debug_abbrev  0x0000000000000028       0x14 ./Core/Src/asmInterruptWFI.o
 .debug_abbrev  0x000000000000003c       0x14 ./Core/Src/asmMain.o
 .debug_abbrev  0x0000000000000050       0xcd ./Core/Src/main.o
 .debug_abbrev  0x000000000000011d       0x74 ./Core/Src/stm32f1xx_it.o
 .debug_abbrev  0x0000000000000191      0x13b ./Core/Src/system_stm32f1xx.o
 .debug_abbrev  0x00000000000002cc       0x12 ./Core/Startup/startup_stm32f103c8tx.o
 .debug_abbrev  0x00000000000002de      0x1fb ./Drivers/STM32F1xx_HAL_Driver/Src/stm32f1xx_hal.o

.debug_aranges  0x0000000000000000      0x230
 .debug_aranges
                0x0000000000000000       0x20 ./Core/Src/asmClockEnable.o
 .debug_aranges
                0x0000000000000020       0x20 ./Core/Src/asmI2cEnable.o
 .debug_aranges
                0x0000000000000040       0x20 ./Core/Src/asmInterruptWFI.o
 .debug_aranges
                0x0000000000000060       0x20 ./Core/Src/asmMain.o
 .debug_aranges
                0x0000000000000080       0x20 ./Core/Src/main.o
 .debug_aranges
                0x00000000000000a0       0x60 ./Core/Src/stm32f1xx_it.o
 .debug_aranges
                0x0000000000000100       0x28 ./Core/Src/system_stm32f1xx.o
 .debug_aranges
                0x0000000000000128       0x28 ./Core/Startup/startup_stm32f103c8tx.o
 .debug_aranges
                0x0000000000000150       0xe0 ./Drivers/STM32F1xx_HAL_Driver/Src/stm32f1xx_hal.o

.debug_str      0x0000000000000000    0x7b238
 .debug_str     0x0000000000000000       0x60 ./Core/Src/asmClockEnable.o
 .debug_str     0x0000000000000060       0x1b ./Core/Src/asmI2cEnable.o
                                         0x5e (size before relaxing)
 .debug_str     0x000000000000007b       0x1e ./Core/Src/asmInterruptWFI.o
                                         0x61 (size before relaxing)
 .debug_str     0x0000000000000099       0x16 ./Core/Src/asmMain.o
                                         0x59 (size before relaxing)
 .debug_str     0x00000000000000af    0x7a97b ./Core/Src/main.o
                                      0x7ace8 (size before relaxing)
 .debug_str     0x000000000007aa2a       0xc9 ./Core/Src/stm32f1xx_it.o
                                      0x7ab8d (size before relaxing)
 .debug_str     0x000000000007aaf3       0xbd ./Core/Src/system_stm32f1xx.o
                                      0x7aba3 (size before relaxing)
 .debug_str     0x000000000007abb0       0x28 ./Core/Startup/startup_stm32f103c8tx.o
                                         0x6b (size before relaxing)
 .debug_str     0x000000000007abd8      0x660 ./Drivers/STM32F1xx_HAL_Driver/Src/stm32f1xx_hal.o
                                      0x7b2d6 (size before relaxing)

.debug_ranges   0x0000000000000000      0x168
 .debug_ranges  0x0000000000000000       0x10 ./Core/Src/main.o
 .debug_ranges  0x0000000000000010       0x50 ./Core/Src/stm32f1xx_it.o
 .debug_ranges  0x0000000000000060       0x18 ./Core/Src/system_stm32f1xx.o
 .debug_ranges  0x0000000000000078       0x20 ./Core/Startup/startup_stm32f103c8tx.o
 .debug_ranges  0x0000000000000098       0xd0 ./Drivers/STM32F1xx_HAL_Driver/Src/stm32f1xx_hal.o

.debug_macro    0x0000000000000000    0x15258
 .debug_macro   0x0000000000000000      0x1b6 ./Core/Src/main.o
 .debug_macro   0x00000000000001b6      0xa6c ./Core/Src/main.o
 .debug_macro   0x0000000000000c22      0x20f ./Core/Src/main.o
 .debug_macro   0x0000000000000e31       0x2e ./Core/Src/main.o
 .debug_macro   0x0000000000000e5f       0x22 ./Core/Src/main.o
 .debug_macro   0x0000000000000e81       0x22 ./Core/Src/main.o
 .debug_macro   0x0000000000000ea3       0x8e ./Core/Src/main.o
 .debug_macro   0x0000000000000f31       0x51 ./Core/Src/main.o
 .debug_macro   0x0000000000000f82      0x103 ./Core/Src/main.o
 .debug_macro   0x0000000000001085       0x6a ./Core/Src/main.o
 .debug_macro   0x00000000000010ef      0x1df ./Core/Src/main.o
 .debug_macro   0x00000000000012ce       0x1c ./Core/Src/main.o
 .debug_macro   0x00000000000012ea       0x22 ./Core/Src/main.o
 .debug_macro   0x000000000000130c       0xbd ./Core/Src/main.o
 .debug_macro   0x00000000000013c9      0xd23 ./Core/Src/main.o
 .debug_macro   0x00000000000020ec     0xe09e ./Core/Src/main.o
 .debug_macro   0x000000000001018a       0x6d ./Core/Src/main.o
 .debug_macro   0x00000000000101f7     0x348d ./Core/Src/main.o
 .debug_macro   0x0000000000013684      0x174 ./Core/Src/main.o
 .debug_macro   0x00000000000137f8       0x5c ./Core/Src/main.o
 .debug_macro   0x0000000000013854      0x5bc ./Core/Src/main.o
 .debug_macro   0x0000000000013e10      0x289 ./Core/Src/main.o
 .debug_macro   0x0000000000014099      0x1cb ./Core/Src/main.o
 .debug_macro   0x0000000000014264      0x114 ./Core/Src/main.o
 .debug_macro   0x0000000000014378      0x1b2 ./Core/Src/main.o
 .debug_macro   0x000000000001452a       0x27 ./Core/Src/main.o
 .debug_macro   0x0000000000014551      0x136 ./Core/Src/main.o
 .debug_macro   0x0000000000014687      0x1bc ./Core/Src/main.o
 .debug_macro   0x0000000000014843       0x34 ./Core/Src/main.o
 .debug_macro   0x0000000000014877       0x3c ./Core/Src/main.o
 .debug_macro   0x00000000000148b3       0x57 ./Core/Src/main.o
 .debug_macro   0x000000000001490a       0x87 ./Core/Src/main.o
 .debug_macro   0x0000000000014991      0x240 ./Core/Src/main.o
 .debug_macro   0x0000000000014bd1      0x140 ./Core/Src/main.o
 .debug_macro   0x0000000000014d11       0x83 ./Core/Src/main.o
 .debug_macro   0x0000000000014d94      0x198 ./Core/Src/stm32f1xx_it.o
 .debug_macro   0x0000000000014f2c      0x184 ./Core/Src/system_stm32f1xx.o
 .debug_macro   0x00000000000150b0      0x1a8 ./Drivers/STM32F1xx_HAL_Driver/Src/stm32f1xx_hal.o

.comment        0x0000000000000000       0x50
 .comment       0x0000000000000000       0x50 ./Core/Src/main.o
                                         0x51 (size before relaxing)
 .comment       0x0000000000000050       0x51 ./Core/Src/stm32f1xx_it.o
 .comment       0x0000000000000050       0x51 ./Core/Src/system_stm32f1xx.o
 .comment       0x0000000000000050       0x51 ./Drivers/STM32F1xx_HAL_Driver/Src/stm32f1xx_hal.o

.debug_frame    0x0000000000000000      0x4e8
 .debug_frame   0x0000000000000000       0x2c ./Core/Src/main.o
 .debug_frame   0x000000000000002c      0x104 ./Core/Src/stm32f1xx_it.o
 .debug_frame   0x0000000000000130       0x58 ./Core/Src/system_stm32f1xx.o
 .debug_frame   0x0000000000000188      0x334 ./Drivers/STM32F1xx_HAL_Driver/Src/stm32f1xx_hal.o
 .debug_frame   0x00000000000004bc       0x2c /app/stm32cubeide/plugins/com.st.stm32cube.ide.mcu.externaltools.gnu-tools-for-stm32.10.3-2021.10.linux64_1.0.200.202301161003/tools/bin/../lib/gcc/arm-none-eabi/10.3.1/../../../../arm-none-eabi/lib/thumb/v7-m/nofp/libc_nano.a(lib_a-init.o)
